  Building haplotype...
    contig # 1/1	random_sequence	SNPs:1008	indels:979	indel len sum:	2895	vrate:0.003903
  Finished haplotype creation in 0.019266s
