{"total_intervals": 994, "found_intervals": 994, "superflous_intervals": 0, "additional_intervals": 0, "total_reads": 937, "normalized_intervals": 937}
