Intervals to find:              1028
Intervals found:                741
Intervals found [%]             72.0817
Invalid alignments:             303
Additional Hits:                0

Number of reads:                990
Number of reads with intervals: 990

Mapped reads:                   990
Mapped reads [% of total]:      100
Mapped reads [% of mappable]:   100

Normalized intervals found:     721
Normalized intervals found [%]: 72.8283

Found Intervals By Error Rate

  ERR	    #max	  #found	  %found	norm max	norm found	norm found [%]
------------------------------------------------------------------------------------------------------
    0	     741	     741	  100.00	  721.00	    721.00	    100.00
    1	       0	       0	    0.00	    0.00	      0.00	      0.00
    2	       0	       0	    0.00	    0.00	      0.00	      0.00
    3	     246	       0	    0.00	  230.00	      0.00	      0.00
    4	       0	       0	    0.00	    0.00	      0.00	      0.00
    5	       0	       0	    0.00	    0.00	      0.00	      0.00
    6	      41	       0	    0.00	   39.00	      0.00	      0.00
    7	       0	       0	    0.00	    0.00	      0.00	      0.00
    8	       0	       0	    0.00	    0.00	      0.00	      0.00

