>hmgl_trybr
-KKDSNAPKRAMTSFMFFSSDFRSKHSDLSIVEMSKAAGAAWKELGPEERKVYEEMAEKD
KERYKREM---------
>hmgt_mouse
K------PKRPRSAYNIYVSESFQEAKDDSAQGKLKLVNEAWKNLSPEEKQAYIQLAKDD
RIRYDNEMKSWEEQMAE
