>rl1_metja
VKEARELAKPRNFTQSFEFIATLKEIDMRKPENRIKTEVVAKAH-DFFIAQADLMPLIGR
YMGVILGPRGKMPKPVPANANIKPLVE--RLKKTVVINTRDKPYFQVLVGNEKMTDEQIV
DNIEAVLNVVAKKYEKGLLPHGRGKEAKIAVIGTGDLAKQAEELGLT---VIRKEEIEEL
GKNKRKLRKIYHIKDAYVKLTMGPAVKVK----------
>rl1_sulso
AIQNEWFL----INQESMALAGRILGPALGPRGKFPTPLPNTADISEYINRFDKESLI-E
ALKLALSTEYNVKRNFTQSVEIILTFKGIDMKKGDLKLREIVPKRSVIVKTKDQPQVQVF
IGTEDMKPEDLAENAIAVL-NAIENKAKVELPKQPSKAKRVLVVPSSEQLEYAKKASPKV
VITREELQKLQGQKRPVKKLTNLRNIYVKTTMGKAVKVK
