>rl1_metja
---VKEARELAKPRNFTQSFEFIATLKEIDMRKPENRIKTEVVAKAHDFFIAQADLMPLI
GRYMGVILGPRGKMPKPVPANANIKPLVERL-----------------------------
---------------------KKTVVINTRDKPYFQVLVGNEKMTDEQIVDNIEAVLNVV
AKKYEKGLLPHGRGKEAKIAVIGTGDLAKQAEELG-LTVIRKEEIEELGKNKRKLRKIYH
IKDAYVKLTMGPAVKVK
>rl1_sulso
AIQ-------------------------------------------NEWFLINQESMALA
GRILGPALGPRGKFPTPLPNTADISEYINRFDKESLIEALKLALSTEYNVKRNFTQSVEI
ILTFKGIDMKKGDLKLREIVPKRSVIVKTKDQPQVQVFIGTEDMKPEDLAENAIAVLNAI
ENK-AKVELPKQPSKAKRVLVVPSSEQLEYAKKASPKVVITREELQKLQGQKRPVKKLTN
LRNIYVKTTMGKAVKVK
