>1thx
AEQPVLVYFWA-SWCGPCQLMSPL-I---NLA---AN-----TYS--D-RLK-VVKLEID
PNPTTV-KK--YK-VEGVPALRLVKGEQ-ILDS-TE-GV-ISKDKLLSFLDTHLN
>1grx
M-QTV-I-F-GRS--G-C----PYSVRAKDLAEKLSNERDDFQYQYVDIRAEGITK-E-D
-----LQQKAG-KPVETVPQI-FV-DQQHI-GGYTDFAAWV-KE---N-LDA---
