realigning 0/7645realigning 1001/7645realigning 1002/7645realigning 2003/7645realigning 2004/7645realigning 3005/7645realigning 3006/7645realigning 4007/7645realigning 4008/7645realigning 5009/7645realigning 5010/7645realigning 6011/7645realigning 6012/7645realigning 7013/7645realigning 7014/7645realigning 0/7645realigning 1001/7645realigning 1002/7645realigning 2003/7645realigning 2004/7645realigning 3005/7645realigning 3006/7645realigning 4007/7645realigning 4008/7645realigning 5009/7645realigning 5010/7645realigning 6011/7645realigning 6012/7645realigning 7013/7645realigning 7014/7645realigning 0/7645realigning 1001/7645realigning 1002/7645realigning 2003/7645realigning 2004/7645realigning 3005/7645realigning 3006/7645realigning 4007/7645realigning 4008/7645realigning 5009/7645realigning 5010/7645realigning 6011/7645realigning 6012/7645realigning 7013/7645realigning 7014/7645realigning 0/7646realigning 1001/7646realigning 1002/7646realigning 2003/7646realigning 2004/7646realigning 3005/7646realigning 3006/7646realigning 4007/7646realigning 4008/7646realigning 5009/7646realigning 5010/7646realigning 6011/7646realigning 6012/7646realigning 7013/7646realigning 7014/7646realigning 0/7646realigning 1001/7646realigning 1002/7646realigning 2003/7646realigning 2004/7646realigning 3005/7646realigning 3006/7646realigning 4007/7646realigning 4008/7646realigning 5009/7646realigning 5010/7646realigning 6011/7646realigning 6012/7646realigning 7013/7646realigning 7014/7646