realigning 0/8064realigning 1001/8064realigning 1002/8064realigning 2003/8064realigning 2004/8064realigning 3005/8064realigning 3006/8064realigning 4007/8064realigning 4008/8064realigning 5009/8064realigning 5010/8064realigning 6011/8064realigning 6012/8064realigning 7013/8064realigning 7014/8064realigning 8015/8064realigning 8016/8064realigning 0/8064realigning 1001/8064realigning 1002/8064realigning 2003/8064realigning 2004/8064realigning 3005/8064realigning 3006/8064realigning 4007/8064realigning 4008/8064realigning 5009/8064realigning 5010/8064realigning 6011/8064realigning 6012/8064realigning 7013/8064realigning 7014/8064realigning 8015/8064realigning 8016/8064realigning 0/8064realigning 1001/8064realigning 1002/8064realigning 2003/8064realigning 2004/8064realigning 3005/8064realigning 3006/8064realigning 4007/8064realigning 4008/8064realigning 5009/8064realigning 5010/8064realigning 6011/8064realigning 6012/8064realigning 7013/8064realigning 7014/8064realigning 8015/8064realigning 8016/8064realigning 0/8065realigning 1001/8065realigning 1002/8065realigning 2003/8065realigning 2004/8065realigning 3005/8065realigning 3006/8065realigning 4007/8065realigning 4008/8065realigning 5009/8065realigning 5010/8065realigning 6011/8065realigning 6012/8065realigning 7013/8065realigning 7014/8065realigning 8015/8065realigning 8016/8065realigning 0/8065realigning 1001/8065realigning 1002/8065realigning 2003/8065realigning 2004/8065realigning 3005/8065realigning 3006/8065realigning 4007/8065realigning 4008/8065realigning 5009/8065realigning 5010/8065realigning 6011/8065realigning 6012/8065realigning 7013/8065realigning 7014/8065realigning 8015/8065realigning 8016/8065