>gi|9626621|ref|NC_001460.1| Human adenovirus A, firsT 280 base pairs
CCTATCTAATAATATACCTTATACTGGACTAGTGCCAATATTAAAATGAAGTGGGCGTAGTGTGTAATTTGATTGGGTGGAGGTGTGGCTTTGGCGTGCTTGTAAGTTTGGGCGGATGAGGAAGTGGGGCGCGGCGTGGGAGCCGGGCGCGCCGGATGTGACGTTTTAGACGCCATTTTACACGGAAATGATGTTTTTTGGGCGTTGTTTGTGCAAATTTTGTGTTTTAGGCGCGAAAACTGAAATGCGGAAGTGAAAATTGATGACGGCAATTTTATTA
>gi|51527264|ref|NC_003266.2| Human adenovirus E, firsT 280 base pairs
CATCATCAATAATATACCTTATTTTTTTTGTGTGAGTTAATATGCAAATAAGGCGTGAAAATTTGGGGATGGGGCGCGCTGATTGGCTGTGACAGCGGCGTTCGTTAGGGGCGGGGCAGGTGACGTTTTGATGACGCGACTATGAGGAGGAGTTAGTTTGCAAGTTCTGGTGGGGAAAAGTGACGTCAAACGAGGTGTGGTTTAAACACGGAAATACTCAATTTTCCCACGCTGTCTAACAGGAAATGAGGTGTTTTTGGGCGGATGCAAGTGAAAACGG
