>gi|51527264|ref|NC_003266.2|
TCAATAATATACCTTATTTT
