>gi|9626621|ref|NC_001460.1|
CCTATCTAATAATATACCTTATACTGGACTAGTGCCAATATTAAAATGAAGTGGGCGTAG
TGTGTAATTTGATTGGGTGGAGGTGTGGCTTTGGCGTGCTTGTAAGTTTGGGCGGATGAG
GAAGTGGGGCGCGGCGTGGGAGCCGGGCGCGCCGGATGTGACGTTTTAGACGCCATTTTA
CACGGAAATGATGTTTTTTGGGCGTTGTTTGTGCAAATTTTGTGTTTTAGGCGCGAAAAC
TGAAATGCGGAAGTGAAAATTGATGACGGCAATTTTATTA
