>gi|9626621|ref|NC_001460.1|
CCTATCTAATAATATACCTTATACTGGACTAGTGCCAATATTAAAATGAAGTGGGCGTAG
TGTGTAATTTGATTGGGTGGAGGTGTGGCTTTGGCGTGCTTGTAAGTTTGGGCGGATGAG
GAAGTGGGGCGCGGCGTGGGAGCCGGGCGCGCCGGATGTGACGTTTTAGACGCCATTTTA
CACGGAAATGATGTTTTTTGGGCGTTGTTTGTGCAAATTTTGTGTTTTAGGCGCGAAAAC
TGAAATGCGGAAGTGAAAATTGATGACGGCAATTTTATTA
>gi|51527264|ref|NC_003266.2|
CATCATCAATAATATACCTTATTTTTTTTGTGTGAGTTAATATGCAAATAAGGCGTGAAA
ATTTGGGGATGGGGCGCGCTGATTGGCTGTGACAGCGGCGTTCGTTAGGGGCGGGGCAGG
TGACGTTTTGATGACGCGACTATGAGGAGGAGTTAGTTTGCAAGTTCTGGTGGGGAAAAG
TGACGTCAAACGAGGTGTGGTTTAAACACGGAAATACTCAATTTTCCCACGCTGTCTAAC
AGGAAATGAGGTGTTTTTGGGCGGATGCAAGTGAAAACGG
