>gi|51527264|ref|NC_003266.2|
CCGTTTTCACTTGCATCCGCCCAAAAACACCTCATTTCCTGTTAGACAGCGTGGGAAAAT
TGAGTATTTCCGTGTTTAAACCACACCTCGTTTGACGTCACTTTTCCCCACCAGAACTTG
CAAACTAACTCCTCCTCATAGTCGCGTCATCAAAACGTCACCTGCCCCGCCCCTAACGAA
CGCCGCTGTCACAGCCAATCAGCGCGCCCCATCCCCAAATTTTCACGCCTTATTTGCATA
TTAACTCACACAAAAAAAATAAGGTATATTATTGATGATG
