1058:8953
1089:2222
1124:1990
1250:6289
1288:9330
135:7774
1447:8645
1505:9514
1652:9818
168:963
1735:7307
1738:6105
1769:772
194:7873
1990:1124
2139:7416
2180:3202
2200:9857
2222:1089
2291:2826
2372:8263
2436:4105
2487:5748
2525:4331
2552:2863
2574:3580
2628:6931
2719:8583
2729:5559
2731:2778
2778:2731
2798:6938
2826:2291
2863:2552
2878:5469
2905:4198
2913:5452
2977:6074
303:6517
3202:2180
336:4521
3425:4654
3453:9939
3482:4659
3554:6635
3580:2574
3815:8525
3849:5413
3887:9982
3901:6255
3991:6225
3992:9710
4105:2436
4128:8852
4198:2905
4331:2525
4337:613
4483:4487
4487:4483
4521:336
4534:5211
4585:7064
4643:6292
4654:3425
4659:3482
4806:5317
4868:7084
4929:6644
4959:9833
4996:6540
5165:7511
5211:4534
5317:4806
5351:7841
5370:5425
5377:7751
5380:811
5413:3849
5425:5370
5452:2913
5469:2878
54:6557
5559:2729
5589:8411
5748:2487
5751:7748
5755:8675
5788:7976
5873:8879
6074:2977
6105:1738
613:4337
6225:3991
6255:3901
6265:9648
6284:6514
6289:1250
6292:4643
6514:6284
6517:303
6540:4996
6557:54
6635:3554
6644:4929
684:7021
6931:2628
6938:2798
6947:8060
7021:684
7064:4585
7084:4868
7307:1735
7331:9960
7398:8453
7416:2139
7511:5165
7638:9426
7659:8080
772:1769
7748:5751
7751:5377
7774:135
7841:5351
7873:194
7976:5788
8060:6947
8071:9721
8080:7659
811:5380
8263:2372
8411:5589
8453:7398
8525:3815
8583:2719
8645:1447
8675:5755
8852:4128
8879:5873
8953:1058
8994:941
9330:1288
941:8994
9426:7638
9514:1505
963:168
9648:6265
9710:3992
9721:8071
9818:1652
9833:4959
9857:2200
9939:3453
9960:7331
9982:3887
