1058:8953
1089:2222
1124:1990
1250:6289
1288:9330
1292:147
135:7774
1447:8645
1448:8891
147:1292
1505:9514
1518:9154
1652:9818
168:963
1735:7307
1738:6105
1769:772
184:3728
1946:576
194:7873
1990:1124
1994:8098
2086:6557
2139:7416
2180:3202
2200:9857
220:4038
2222:1089
2291:2826
2372:8263
2436:4105
2468:8523
2487:5748
2525:4331
2552:2863
2574:3580
2628:6931
2666:2840
2666:703
2719:8583
2729:5559
2731:2778
2766:3024
2778:2731
2798:6938
2826:2291
2840:2666
2863:2552
2878:5469
2905:4198
2912:5379
2913:5452
2977:6074
3024:2766
303:6517
3202:2180
321:3427
3240:7919
3347:4393
336:4521
3425:4654
3427:321
3453:9939
3482:4659
3545:6472
3554:6635
3580:2574
3688:6369
3728:184
375:4057
3815:8525
3849:5413
3885:9310
3887:9982
3891:773
3901:6255
3926:5659
3991:6225
3992:9710
4038:220
4057:375
4105:2436
4128:8852
4198:2905
4331:2525
4337:613
4393:3347
4476:6164
4483:4487
4487:4483
4521:336
4534:5211
4585:7064
4643:6292
4654:3425
4659:3482
4806:5317
4868:7084
4929:6644
4959:9833
4996:6540
5156:5797
5165:7511
5211:4534
5317:4806
5351:7841
5370:5425
5377:7751
5379:2912
5380:811
5413:3849
5425:5370
5452:2913
5469:2878
54:6557
5559:2729
5589:8411
5659:3926
5748:2487
5751:7748
5755:8675
576:1946
5788:7976
5797:5156
5873:8879
6074:2977
6088:7937
6105:1738
613:4337
6164:4476
6225:3991
6255:3901
6265:9648
6284:6514
6289:1250
6292:4643
6369:3688
6472:3545
6514:6284
6517:303
6540:4996
6557:2086
6557:54
6635:3554
6644:4929
684:7021
6931:2628
6938:2798
6947:8060
7021:684
703:2666
7064:4585
7084:4868
7307:1735
7331:9960
7398:8453
7416:2139
7511:5165
7638:9426
7659:8080
772:1769
773:3891
7748:5751
7751:5377
7774:135
7841:5351
7873:194
7919:3240
7937:6088
7976:5788
8060:6947
8071:9721
8080:7659
8098:1994
811:5380
8263:2372
8411:5589
8453:7398
8523:2468
8525:3815
8583:2719
8645:1447
8675:5755
8852:4128
8879:5873
8891:1448
8953:1058
8994:941
9154:1518
9310:3885
9330:1288
941:8994
9426:7638
9514:1505
963:168
9648:6265
9710:3992
9721:8071
9818:1652
9833:4959
9857:2200
9939:3453
9960:7331
9982:3887
