1009:9945
1015:1471
1028:7004
1029:6879
1054:2019
1054:801
1061:5022
1061:7125
106:2719
1086:8313
1088:5905
1088:6116
1097:3413
1097:9591
1097:9837
109:586
1104:1255
1106:5052
1125:9121
112:5004
1130:7906
1137:6944
1142:9521
1152:3990
1160:2910
1160:3789
1160:5164
1170:4035
1188:3056
1225:356
1227:9884
1235:5507
1254:460
1254:5672
1254:631
1255:1104
1260:4627
1271:2316
1288:8578
1298:3996
12:5058
1300:8539
1303:4708
1317:9245
1355:836
1363:3194
1363:3346
1367:4826
1369:2194
1371:5157
1374:7047
1377:680
1388:3337
1389:8044
1390:6565
1391:5251
1391:5843
1392:5175
1392:6372
1398:9966
1429:7997
1449:9116
1454:1874
1459:4714
1471:1015
1471:1569
1479:3098
147:2820
1507:2731
150:52
1514:2084
1518:7691
1523:921
1530:3692
1557:9775
155:5394
155:6832
1568:8815
1569:1471
1569:1849
1569:2117
1569:3395
1569:5905
1579:7303
1591:3353
1592:6893
1596:2390
1597:3543
1603:3780
1618:216
1618:8386
1633:6284
1645:4131
1645:9704
1660:5672
1665:4111
1676:3200
1676:5638
1676:9452
1677:4119
1677:5612
1688:9232
1704:4290
1707:8157
1711:5322
173:3642
1745:9975
1759:2808
175:7399
1800:9927
1812:2480
181:8779
1829:6406
1836:2882
1839:8040
1841:5723
1849:1569
1849:3395
186:6460
1871:8361
1873:5839
1873:8465
1874:1454
1897:488
1940:5011
194:8534
1951:4323
1956:6201
1973:9950
198:8555
1992:325
1992:9199
2007:2216
2019:1054
2029:3750
2084:1514
2093:277
2094:4033
2097:6240
2108:7439
2117:1569
2117:5905
2119:6974
2138:3523
2151:3330
215:9929
216:1618
216:8386
2193:2265
2194:1369
2216:2007
2228:5874
2248:2464
224:4418
2259:9673
2265:2193
2269:3173
2279:7964
2288:9997
2294:3281
2296:7942
2297:5442
2297:5540
2306:652
2316:1271
2332:4280
2332:5259
2332:7417
2354:8063
2358:5622
2358:5646
2361:5049
2361:6419
2361:7664
2361:8646
2372:5780
2381:644
2387:5577
2390:1596
2398:3901
239:7732
239:9285
241:8314
2430:292
2464:2248
2480:1812
2492:6795
2496:6641
2497:4043
2497:8321
2497:8450
2500:4631
2506:4266
251:2661
2520:2542
2527:4020
2542:2520
2548:7553
2553:4373
2553:5098
2553:519
2553:8437
2555:8801
2569:5605
256:4886
2571:9088
2589:8587
2592:2597
2597:2592
2608:5163
260:5493
2614:3279
2617:9200
2618:9764
2648:5192
2648:7657
2661:251
266:5638
2678:3505
2678:9479
2704:9219
2706:9251
2719:106
271:5992
2731:1507
2733:4933
2747:8266
2747:9002
2777:976
277:2093
2790:4516
279:7387
2808:1759
2812:7644
2820:147
2821:9241
2828:8632
2848:4100
2869:939
2882:1836
2883:777
2883:8387
2886:461
2906:4932
2908:4553
2910:1160
2910:3789
2910:5164
2919:2988
2919:5080
2919:6667
291:8456
292:2430
2937:4230
2937:6470
2938:3795
2938:3899
293:4685
2942:8266
2972:3317
2988:2919
2988:5080
2988:6667
3000:761
3023:5060
3023:9589
3033:8895
3038:820
3052:8162
3056:1188
3059:8654
3068:4192
3084:7069
3084:8839
3098:1479
3108:7308
3119:7019
3120:6208
3131:5042
3131:6099
3131:7275
3169:3270
3173:2269
3194:1363
3194:3346
3200:1676
3200:5591
3200:7442
3203:4657
3226:4267
3233:6343
323:961
3256:6651
3257:8295
3257:9112
325:1992
325:9199
3268:418
3270:3169
3274:9627
3278:5767
3279:2614
3281:2294
3281:5389
328:596
328:8561
3304:5876
3314:9408
3317:2972
3328:5671
3330:2151
3334:5834
3337:1388
333:7246
3341:7235
3346:1363
3346:3194
3352:6232
3353:1591
3358:7603
3359:8345
3368:3738
3370:3509
3395:1569
3395:1849
33:446
3413:1097
3413:9591
3419:6055
341:9410
3421:521
3421:6139
3421:8749
3441:968
3449:9694
3454:9636
3456:3973
3459:3999
3464:7717
3468:8764
3482:5954
34:9613
3505:2678
3509:3370
3523:2138
352:3815
352:4575
352:582
3531:3815
3531:4575
3531:582
3540:5789
3540:7641
3543:1597
3569:5169
356:1225
3582:6108
3587:4405
3587:7777
359:4491
3609:7645
3630:5452
3632:5432
3633:8955
3642:173
364:6981
364:873
366:8146
3675:610
3680:7829
3687:4966
3692:1530
3712:826
3718:7222
3738:3368
3750:2029
3755:3980
3757:9909
3760:7210
3760:9538
3763:6385
3780:1603
3785:5443
3786:5045
3788:6438
3789:1160
3789:2910
3789:5164
3790:7782
3795:2938
3803:8795
3815:352
3815:3531
3815:4575
3815:582
3816:9705
3821:4026
3822:4843
3851:7072
3855:3899
3861:5166
3863:746
3868:98
3871:8341
3878:7481
3899:2938
3899:3855
3901:2398
3937:452
3950:8711
3951:6349
3954:8583
3956:9394
3966:5904
3973:3456
3980:3755
3990:1152
3993:8145
3996:1298
3999:3459
4017:4679
4017:866
4017:9240
4020:2527
4023:9778
4026:3821
4033:2094
4035:1170
4040:6676
4043:2497
4043:8321
4043:8450
4046:8303
4063:873
4068:4530
4098:8896
4100:2848
4100:5166
4100:6438
4111:1665
4119:1677
4131:1645
4131:9704
4142:598
4154:9512
415:5704
415:8123
4168:8266
4188:8011
418:3268
4192:3068
4192:6568
4201:8134
4216:4953
4227:4632
4227:7652
4230:2937
4230:6470
4263:7486
4264:6584
4266:2506
4267:3226
4280:2332
4280:5259
4280:7417
4290:1704
4291:9280
4299:7856
4306:7348
4323:1951
4330:499
4330:722
4330:8210
4342:6752
4356:7761
4359:5840
4373:2553
4373:4571
4373:519
4404:5400
4405:3587
4405:7777
4407:7240
4409:7682
4410:8633
4418:224
4439:5110
4452:5054
445:6575
446:33
4474:8662
4478:9677
4482:8446
4491:359
4503:5228
450:7792
4516:2790
4521:8125
4527:6844
452:3937
4530:4068
4544:9093
4553:2908
4559:886
4563:7422
4571:4373
4571:519
4575:352
4575:3531
4575:3815
4575:582
458:4691
458:6014
4593:7348
4601:9237
4609:946
460:1254
460:631
461:2886
4627:1260
4631:2500
4632:4227
4632:7652
4637:4679
4644:9305
4652:8782
4657:3203
4658:8507
4669:4719
4669:8034
4669:8815
4679:4017
4679:4637
4685:293
4691:458
4691:6014
4701:5098
4708:1303
470:6216
4714:1459
4719:4669
4719:8034
4719:9930
4723:9285
4754:8525
4754:9146
4765:8222
4765:9942
4779:6642
4792:5051
4812:5460
4826:1367
4840:9013
4843:3822
4848:5945
4862:4911
4865:8720
4865:8803
4886:256
488:1897
4902:5427
4911:4862
4911:4994
4929:8988
4932:2906
4933:2733
4953:4216
4955:8851
4959:7921
4965:7722
4966:3687
4988:7825
4989:7774
4994:4911
4994:5605
499:4330
499:5662
499:722
499:8210
5000:6187
5004:112
5011:1940
5022:1061
5022:7125
5035:6383
5042:3131
5045:3786
5049:2361
5049:7664
5049:7934
5049:8646
5051:4792
5052:1106
5052:5432
5054:4452
5058:12
5060:3023
5060:9589
5078:8784
5080:2919
5080:2988
5080:6667
508:5757
5096:6320
5098:2553
5098:4701
5101:5557
5110:4439
5113:786
5137:851
5148:566
5157:1371
5163:2608
5164:1160
5164:2910
5164:3789
5166:3861
5166:4100
5169:3569
516:6848
5175:1392
5183:8332
5192:2648
5194:6336
5196:7449
519:2553
519:4373
519:4571
5201:9921
521:3421
5227:7513
5228:4503
5230:8268
5231:6169
5231:8815
5240:6770
5240:8378
5240:995
5251:1391
5251:5843
5259:2332
5259:4280
5259:7417
5269:6018
526:826
5270:9103
5286:6419
5298:8367
5298:9268
52:150
5322:1711
5336:6847
5339:6630
5366:6521
5367:7412
5367:7587
5389:3281
5390:5474
5394:155
5400:4404
5415:9645
5421:6777
5427:4902
542:9953
5431:7800
5432:3632
5432:5052
5432:9112
5442:2297
5443:3785
5452:3630
5460:4812
5469:7162
5469:8858
5474:5390
5478:7085
5493:260
5494:8231
54:7338
5506:7070
5507:1235
5540:2297
5557:5101
5558:9928
5571:6265
5576:8856
5577:2387
5585:8195
5585:9002
5591:3200
5591:7442
5605:2569
5605:4994
5605:707
5612:1677
5614:5678
5622:2358
5622:5646
5638:1676
5638:266
5638:7657
5646:2358
5646:5622
5655:7205
5662:499
5662:8210
566:5148
5671:3328
5672:1254
5672:1660
5672:5789
5672:631
5678:5614
5704:415
5704:6169
5704:8123
5706:7919
5723:1841
5757:508
5767:3278
5772:9033
5780:2372
5785:9434
5789:3540
5789:5672
5789:7641
5791:9001
582:352
582:3531
582:3815
582:4575
5834:3334
5839:1873
5839:8465
5840:4359
5843:1391
5843:5251
586:109
5874:2228
5876:3304
587:6193
5889:777
5889:8387
5890:6505
5890:9534
5904:3966
5905:1088
5905:1569
5905:2117
592:8992
5943:8318
5945:4848
5954:3482
596:328
596:8561
598:4142
5992:271
6012:6200
6014:458
6014:4691
6014:6812
6018:5269
6024:9581
6055:3419
6075:7111
6099:3131
6099:7275
6108:3582
610:3675
6116:1088
6128:8721
6139:3421
6141:7324
6153:7125
6153:7498
6155:6467
6155:6682
6165:7731
6169:5231
6169:5704
6169:8123
6187:5000
6193:587
6200:6012
6201:1956
6208:3120
6209:8020
6211:9123
6216:470
6229:9735
6232:3352
6238:7538
6238:8114
6240:2097
6265:5571
6276:7904
6276:8951
6284:1633
6306:8906
631:1254
631:460
631:5672
6320:5096
6336:5194
6337:9422
6343:3233
6349:3951
6355:8133
6358:927
6372:1392
6383:5035
6385:3763
6402:7033
6404:9823
6406:1829
6409:955
6411:8831
6419:2361
6419:5286
6438:3788
6438:4100
6438:6630
6441:9958
644:2381
6460:186
6467:6155
6468:7253
6470:2937
6470:4230
6505:5890
6505:9534
6521:5366
652:2306
6539:7178
6565:1390
6567:9456
6568:4192
6575:445
6576:6633
6578:8576
6584:4264
6630:5339
6630:6438
6633:6576
6638:7767
6641:2496
6642:4779
6651:3256
6655:9659
6667:2919
6667:2988
6667:5080
6676:4040
6682:6155
6692:9356
6712:9433
6752:4342
6752:9962
6770:5240
6770:8378
6770:995
6777:5421
6795:2492
6796:7743
6806:9237
680:1377
6812:6014
681:9140
6832:155
6844:4527
6847:5336
6848:516
6873:8002
6879:1029
6893:1592
6903:7747
6905:9881
6920:8172
6944:1137
6962:9902
6974:2119
6981:364
6981:873
7004:1028
7012:7427
7016:8200
7018:8891
7019:3119
7033:6402
7047:1374
7050:9702
705:9880
7069:3084
7069:8839
706:848
7070:5506
7072:3851
7073:8253
7073:8482
707:5605
7083:866
7083:8752
7083:9240
7085:5478
709:7721
709:9894
7111:6075
7115:7408
7118:8667
7125:1061
7125:5022
7125:6153
7158:8868
7162:5469
7162:8858
7178:6539
7205:5655
7210:3760
7210:9538
7222:3718
7226:9840
722:4330
722:499
722:8210
7235:3341
7240:4407
7246:333
7253:6468
725:8476
7265:7585
7271:7834
7275:3131
7275:6099
7281:8319
7281:9194
7303:1579
7308:3108
7324:6141
7338:54
7348:4306
7348:4593
7350:7925
7387:279
7399:175
7408:7115
7412:5367
7412:7587
7417:2332
7417:4280
7417:5259
7422:4563
7427:7012
7433:8149
7439:2108
7442:3200
7442:5591
7449:5196
7459:8001
746:3863
7481:3878
7482:7946
7486:4263
7498:6153
7513:5227
751:803
7538:6238
7538:8114
7553:2548
7585:7265
7587:5367
7587:7412
7603:3358
7612:8631
761:3000
7626:8702
7641:3540
7641:5789
7641:8774
7644:2812
7645:3609
7649:8894
7652:4227
7652:4632
7657:2648
7657:5638
7664:2361
7664:5049
7664:7934
7664:8646
7682:4409
7691:1518
7717:3464
7721:709
7721:9894
7722:4965
772:9671
7731:6165
7732:239
7732:9285
7743:6796
7747:6903
7761:4356
7767:6638
7774:4989
7777:3587
7777:4405
777:2883
777:5889
7782:3790
7791:9099
7792:450
7800:5431
7806:8131
7813:9678
7825:4988
7829:3680
7834:7271
7856:4299
785:8409
786:5113
7880:8220
7883:8965
7892:9098
7894:8104
7896:970
7904:6276
7904:8951
7906:1130
7919:5706
7921:4959
7925:7350
7934:5049
7934:7664
7942:2296
7946:7482
7964:2279
7997:1429
8001:7459
8002:6873
8006:8614
8011:4188
801:1054
8020:6209
8034:4669
8034:4719
8034:9930
803:751
8040:1839
8044:1389
8063:2354
8072:8295
8103:9474
8104:7894
8114:6238
8114:7538
8123:415
8123:5704
8123:6169
8125:4521
8131:7806
8133:6355
8134:4201
8145:3993
8146:366
8149:7433
8157:1707
8162:3052
8172:6920
8195:5585
8200:7016
820:3038
8210:4330
8210:499
8210:5662
8210:722
8220:7880
8222:4765
8222:9942
8231:5494
8253:7073
8253:8482
8266:2747
8266:2942
8266:4168
8266:9002
8268:5230
826:3712
826:526
8295:3257
8295:8072
8303:4046
8313:1086
8314:241
8318:5943
8319:7281
8319:9194
8321:2497
8321:4043
8332:5183
8341:3871
8345:3359
8355:8978
8361:1871
8367:5298
8367:9268
836:1355
8378:5240
8378:6770
8378:995
8380:9274
8386:1618
8386:216
8387:2883
8387:5889
8395:8678
8399:9213
8401:9196
8409:785
8437:2553
8446:4482
8450:2497
8450:4043
8451:9768
8456:291
8465:1873
8465:5839
8469:950
8476:725
8477:8801
8482:7073
8482:8253
848:706
8507:4658
851:5137
8523:9417
8525:4754
8534:194
8539:1300
8555:198
8561:328
8561:596
8567:8647
8576:6578
8578:1288
8583:3954
8587:2589
8606:9881
8614:8006
8624:99
8631:7612
8632:2828
8633:4410
8646:2361
8646:5049
8646:7664
8647:8567
8654:3059
8662:4474
8667:7118
866:4017
866:7083
866:8752
8678:8395
8702:7626
8711:3950
8720:4865
8721:6128
8724:9170
873:364
873:4063
873:6981
8749:3421
8752:7083
8752:866
8752:9240
8764:3468
8774:7641
8779:181
8782:4652
8784:5078
8795:3803
8795:9192
8801:2555
8801:8477
8803:4865
8815:1568
8815:4669
8815:5231
8831:6411
8839:3084
8839:7069
8851:4955
8856:5576
8858:5469
8858:7162
8868:7158
886:4559
8871:9771
8872:8947
8891:7018
8894:7649
8895:3033
8896:4098
8906:6306
8947:8872
8951:6276
8951:7904
8955:3633
8965:7883
8978:8355
8988:4929
8988:9103
8992:592
8992:9112
9001:5791
9002:2747
9002:5585
9002:8266
9013:4840
9033:5772
9088:2571
9093:4544
9098:7892
9099:7791
9103:5270
9103:8988
9112:3257
9112:5432
9112:8992
9116:1449
9121:1125
9123:6211
9140:681
9146:4754
9162:9596
9170:8724
9192:8795
9194:7281
9194:8319
9196:8401
9199:1992
9199:325
9200:2617
920:9253
9213:8399
9219:2704
921:1523
9232:1688
9237:4601
9237:6806
9240:4017
9240:7083
9240:8752
9241:2821
9245:1317
9251:2706
9253:920
9268:5298
9268:8367
9274:8380
927:6358
9280:4291
9285:239
9285:4723
9285:7732
9305:4644
9356:6692
9394:3956
939:2869
9408:3314
9410:341
9417:8523
9422:6337
9433:6712
9434:5785
9452:1676
9456:6567
946:4609
9474:8103
9479:2678
950:8469
9512:4154
9521:1142
9534:5890
9534:6505
9538:3760
9538:7210
955:6409
9566:9889
9581:6024
9589:3023
9589:5060
9591:1097
9591:3413
9591:9837
9592:9941
9596:9162
9613:34
961:323
9627:3274
9636:3454
9645:5415
9659:6655
9671:772
9673:2259
9677:4478
9678:7813
968:3441
9694:3449
9698:9965
9702:7050
9704:1645
9704:4131
9705:3816
970:7896
9719:9959
9735:6229
9764:2618
9768:8451
976:2777
9771:8871
9775:1557
9778:4023
9823:6404
9837:1097
9837:9591
9840:7226
9880:705
9881:6905
9881:8606
9884:1227
9889:9566
9894:709
9894:7721
98:3868
9902:6962
9909:3757
9921:5201
9927:1800
9928:5558
9929:215
9930:4719
9930:8034
9941:9592
9942:4765
9942:8222
9945:1009
9950:1973
9953:542
9958:6441
9959:9719
995:5240
995:6770
995:8378
9962:6752
9965:9698
9966:1398
9975:1745
9997:2288
99:8624
