1053:2919
1053:485
1053:9195
1058:8953
1089:2222
1124:1990
1180:2795
1203:4895
1250:6289
1288:9330
1292:147
1293:1818
130:2300
1351:6346
135:7774
1391:2720
1424:2524
1438:5692
1447:8645
1448:8891
147:1292
1505:9514
1518:9154
1519:7107
1521:7464
156:8090
1648:6681
1652:9818
1689:8498
168:963
1712:9868
1735:7307
1738:6105
1769:772
1818:1293
184:3728
1946:576
194:7873
1990:1124
1994:8098
2086:54
2086:6557
2139:7416
2180:3202
2200:9857
2201:4692
220:4038
2222:1089
2240:2912
2240:4807
2240:9370
2291:2826
2293:485
2293:6657
2300:130
2310:4550
2372:8263
2436:4105
2468:8523
2487:5748
2488:6346
2488:9404
2503:8972
2524:1424
2524:6562
2524:8452
2525:4331
2552:2863
2574:3580
2577:3521
2620:572
2628:6931
2663:7168
2666:2840
2666:703
2666:7780
2719:8583
2720:1391
2720:7087
2729:5559
2731:2778
2766:3024
2776:9699
2778:2731
2795:1180
2798:6938
2826:2291
2840:2666
2840:703
2863:2552
2878:5469
2905:4198
2912:2240
2912:5379
2913:5452
2919:1053
2977:6074
3024:2766
303:6517
3202:2180
321:3427
321:6471
3240:7919
3347:4393
336:4521
3425:4654
3427:321
3453:9939
3482:4659
3521:2577
3545:6472
3554:6572
3554:6635
3580:2574
360:620
360:9219
3653:3703
3688:6369
3688:9987
3703:3653
3728:184
3742:950
375:4057
3815:8525
3849:5413
3885:9310
3887:9982
3891:773
3901:6255
3903:472
3926:5659
3991:6225
3992:9710
4000:8179
4000:8983
4038:220
4057:375
4057:7406
4072:5909
4105:2436
4128:8852
4198:2905
4331:2525
4337:613
4393:3347
4476:6164
4483:4487
4487:4483
4510:9699
4521:336
4534:5211
4550:2310
4556:4642
4566:648
4566:995
4585:7064
4602:5818
4642:4556
4643:6292
4654:3425
4659:3482
4692:2201
4692:6431
4692:7599
4716:9946
472:3903
4806:5317
4807:2240
4807:9370
4858:8973
485:1053
485:2293
4868:7084
4895:1203
4929:6644
4959:9833
4967:651
4979:6297
4979:913
4979:9275
4996:6540
5051:6456
5156:5797
5165:7511
516:8946
5196:7288
5211:4534
5317:4806
5351:7841
5370:5425
5377:7751
5379:2912
5380:811
5413:3849
5425:5370
5452:2913
5469:2878
54:2086
54:6557
5559:2729
5589:8411
5659:3926
5692:1438
572:2620
5748:2487
5751:7748
5755:8675
576:1946
5788:7976
5797:5156
5818:4602
5873:8879
5909:4072
6074:2977
6088:7937
6105:1738
613:4337
6164:4476
61:907
620:360
620:8758
620:9219
6225:3991
6255:3901
6265:9648
6284:6514
6289:1250
6292:4643
6297:4979
6346:1351
6346:2488
6346:9404
6369:3688
6386:864
6431:4692
6456:5051
6471:321
6472:3545
648:4566
6495:8729
6514:6284
6517:303
651:4967
6540:4996
6557:2086
6557:54
6562:2524
6572:3554
6572:6635
6635:3554
6635:6572
6644:4929
6657:2293
6681:1648
672:7064
684:7021
6931:2628
6938:2798
6947:8060
6961:8729
7021:684
703:2666
703:2840
703:7326
7064:4585
7064:672
7084:4868
7087:2720
7107:1519
7107:8219
7168:2663
7288:5196
7307:1735
7326:703
7331:9960
7398:8453
7406:4057
7416:2139
7464:1521
7511:5165
7599:4692
7638:9426
7656:7780
7659:8080
772:1769
773:3891
7748:5751
7751:5377
7774:135
7780:2666
7780:7656
7841:5351
7873:194
7919:3240
7933:9987
7937:6088
7976:5788
8060:6947
8071:9721
8080:7659
8090:156
8098:1994
811:5380
8179:4000
8219:7107
8263:2372
8411:5589
8452:2524
8453:7398
8498:1689
8523:2468
8525:3815
8583:2719
8645:1447
864:6386
8675:5755
8729:6495
8729:6961
8758:620
8852:4128
8879:5873
8891:1448
8946:516
8953:1058
8972:2503
8973:4858
8983:4000
8994:941
907:61
913:4979
9154:1518
9195:1053
9219:360
9219:620
9275:4979
9310:3885
9330:1288
9370:2240
9370:4807
9404:2488
9404:6346
941:8994
9426:7638
950:3742
9514:1505
963:168
9648:6265
9699:2776
9699:4510
9710:3992
9721:8071
9818:1652
9833:4959
9857:2200
9868:1712
9939:3453
9946:4716
995:4566
9960:7331
9982:3887
9987:3688
9987:7933
