1089:2222
1250:6289
1288:9330
1447:8645
1505:9514
1738:6105
2200:9857
2222:1089
2291:2826
2372:8263
2525:4331
2552:2863
2574:3580
2628:6931
2719:8583
2731:2778
2778:2731
2826:2291
2863:2552
2913:5452
2977:6074
336:4521
3453:9939
3482:4659
3580:2574
3849:5413
4128:8852
4331:2525
4337:613
4521:336
4585:7064
4643:6292
4659:3482
4806:5317
4868:7084
4929:6644
4959:9833
4996:6540
5165:7511
5317:4806
5351:7841
5370:5425
5413:3849
5425:5370
5452:2913
5589:8411
5751:7748
5755:8675
5788:7976
5873:8879
6074:2977
6105:1738
613:4337
6284:6514
6289:1250
6292:4643
6514:6284
6540:4996
6644:4929
6931:2628
6947:8060
7064:4585
7084:4868
7331:9960
7511:5165
7638:9426
7659:8080
7748:5751
7841:5351
7976:5788
8060:6947
8071:9721
8080:7659
8263:2372
8411:5589
8583:2719
8645:1447
8675:5755
8852:4128
8879:5873
9330:1288
9426:7638
9514:1505
9721:8071
9833:4959
9857:2200
9939:3453
9960:7331
