1057:2899
1143:3520
1149:252
1159:669
1167:1972
1192:777
1328:4014
1458:1083
1512:191
1527:740
1684:4887
1730:3599
1805:2061
1823:3918
1823:4718
1991:476
2242:237
2266:3849
2347:3192
237:3931
2505:1793
2560:4916
2608:3834
2666:2016
3020:3637
33:1597
3489:3120
3639:825
3923:2486
3926:571
4104:4024
4230:1213
4295:1065
435:2252
4445:3
4449:745
4569:813
4674:3220
4744:2218
4999:764
499:2227
5051:4007
505:1182
5128:2839
5232:1153
542:3860
5503:4967
5659:571
5748:4502
5810:3522
5854:49
5856:3458
5867:4782
588:566
5973:867
620:4191
6244:4335
629:3173
6329:577
6377:688
6413:1286
6475:3091
6495:4703
6625:3703
6719:2798
7222:4879
7239:929
727:4359
7397:4796
7614:1761
7682:733
76:4264
7712:1819
7712:4192
7804:4505
7836:3994
7852:2806
8091:3231
816:1766
8250:4353
8832:1921
8954:2860
9211:4355
9423:4703
9451:2305
9530:2641
9637:2799
9859:4146
