>rl1_metja
-VK-E---A-RE---LA-K-------PR-NF------T-Q-SFEFIAT-L-KE--ID-MR
K-PENRIKTEV-VAKAHDFFIAQA-DLMPLIGRYMGVI-LGPRG--KMPKPVPANANIKP
LVERLKKTVVINTRDKPYFQVLVGNEKMTDEQIVDN-IEAVLNVVA-K-KYEKGLLPHGR
-GKEAK-IAVIGTGD-L--AKQAE-ELGLTVI-RKEEIEEL-GKNKRKLRKIYHIKDAYV
KLTMGPAVKVK
>rl1_sulso
AIQNEWFLINQESMALAGRILGPALGPRGKFPTPLPNTADIS-EYI-NRFDKESLIEAL-
KL---ALSTEYNV-K-RN-F-TQSVEII-L--TFKG-IDM-KKGDLKL-REI-----V-P
-----KRSVIVKTKDQPQVQVFIGTEDMKPEDLAENAI-AVLNAIENKAKVE---LPK-Q
PSK-AKRVLVVPSSEQLEYAKKASPK--V-VITR-EELQKLQGQ-KRPVKKLTNLRNIYV
KTTMGKAVKVK
