  Building haplotype...
    contig # 1/1
  Finished haplotype creation in 0.0132042s
