  Building haplotype...
    contig # 1/1
  Finished haplotype creation in 7.3271e-05s
