  Building haplotype...
    contig # 1/1
  Finished haplotype creation in 7.1306e-05s
