  Building haplotype...
    contig # 1/1
  Finished haplotype creation in 7.032e-05s
