>hmgl_trybr
KKDSNAPKRAMTSFMFFSSDFRSKHSDLSIVEM-----SKAAGAAWKELGPEERKVYEEM
AEKDKERYKREM---------
>hmgt_mouse
-----KPKRPRSAYNIYVSESFQEAKDDSAQGK-----LKLVNEAWKNLSPEEKQAYIQL
AKDDRIRYDNEMKSWEEQMAE
>hmgb_chite
---ADKPKRPLSAYMLWLNSARESIKRENPDFK-VTEVAKKGGELWRGL--KDKSEWEAK
AATAKQNYIRALQEYER-NGG
>hmgl_wheat
--DPNKPKRAPSAFFVFMGEFREEFKQKNPKNKSVAAVGKAAGERWKSLSESEKAPYVAK
ANKLKGEYNKAIAAYNKGESA
