>1thx
A-EQPVLVYFWASWCGPCQ-LMSPLINLAANTYSDRLKVVKLEIDPNPTTVKKYKVEGVP
ALRLVKGEQILDSTEGV---ISKDKLLSFLDTHL-------N-
>1grx
M-Q---TVIFGRSGC-PYSVRAKDLAEKLSNERDDFQ-YQYVDI--RAEGITKEDLQQKA
GKPVETVPQIFVDQQHI---GGYTDFAAWVKENL-------DA
>1erv
AGDKLVVVDFSATWCGPCK-MIKPFFHSLSEKYSNVI-FLEVDVDDCQDVASECEVKSMP
TFQFFKKGQKVGEFSGA----NKEKLEATIN-EL-------V-
>2trcP
K-VTTIVVNIYEDGVRGCD-ALNSSLECLAAEYPMVK-FCKIRAS-NTGAGDRFSSDVLP
TLLVYKGGELISNFISVAEQFAEDFFAADVESFLNEYGLLPER
