>1thx
A-EQPVLVYFWASWCGPCQLMSPLINLAANTYSDRLKVVKLEI-------DPNPTTVKKY
KVEGVPALRLVKGEQILDSTEGV---ISKDK--LLSFLDTHLN--------
>1grx
M-Q---TVIFGRSGCPYSVRAKDLAEKLSNERDDFQ-YQYVDIRAEGITKEDLQQKAGK-
PVETVP--Q-----------IFVDQQHIGGYTDFAAWVKENLD-------A
>1erv
AGDKLVVVDFSATWCGPCKMIKPFFHSLSEKYSNVI-FLEVDV-------DDCQDVASEC
EVKSMPTFQFFKKGQKVGEFSGA----NKE------KLEATINELV-----
>2trcP
K-VTTIVVNIYEDGVRGCDALNSSLECLAAEYPMVK-FCKIRA-------SN-TGAGDRF
SSDVLPTLLVYKGGELISNFISVAEQFAEDF--FAADVESFLNEYGLLPER
