((Gorilla:0.153931,(Orang:0.284694,(Gibbon:0.357931,(Mouse:0.76891,Bovine:0.91769):0.420269):0.0464812):0.0269563):0.0398188,Human:0.117525,Chimp:0.151675);
