Loading genome:			8.89301e-05 sec
Building genome index:		0.00138998 sec
Dumping genome index:		0.000306129 sec
