Loading genome:			0.000112057 sec
Building genome index:		0.0576041 sec
Dumping genome index:		0.138656 sec
