Loading genome:			7.89165e-05 sec
Building genome index:		0.00197411 sec
Dumping genome index:		0.00189805 sec
