Loading genome:			8.79765e-05 sec
Loading genome index:		0.000111818 sec
Loading reads:			0.0017848 sec
Reads count:			1000
Errors:				0
Seed:				(33,0)
Hits:				817
Matches:			390
Mapping time:			0.0427969 sec
