Loading genome:			8.4877e-05 sec
Loading genome index:		0.000110149 sec
Loading reads:			0.00199294 sec
Reads count:			1000
Errors:				0
Seed:				(33,0)
Hits:				817
Matches:			390
Errors:				1
Seed:				(33,0)
Hits:				1032
Matches:			757
Errors:				2
Seed:				(33,0)
Hits:				1084
Matches:			912
Mapping time:			0.081944 sec
