Loading genome:			8.51154e-05 sec
Loading genome index:		0.000111103 sec
Loading reads:			0.00180697 sec
Reads count:			1000
Seeds:				(33,1) (33,1) (33,1) 
Errors:				5
Hits:				2823
Matches:			1216
Mapping time:			0.0382919 sec
