adeno-reads100.fasta.000000007/L	0	100	F	gi|9632547|ref|NC_002077.1|	2827	2928	98	33	-6	265
adeno-reads100.fasta.000000007/R	0	100	R	gi|9632547|ref|NC_002077.1|	2996	3092	96	33	-6	-265
adeno-reads100.fasta.000000008/L	0	100	F	gi|9632547|ref|NC_002077.1|	4188	4289	98	49	-2	268
adeno-reads100.fasta.000000008/R	0	100	R	gi|9632547|ref|NC_002077.1|	4356	4456	100	49	-2	-268
adeno-reads100.fasta.000000010/L	0	100	R	gi|9632547|ref|NC_002077.1|	4448	4548	100	52	0	-253
adeno-reads100.fasta.000000010/R	0	100	F	gi|9632547|ref|NC_002077.1|	4295	4395	100	52	0	253
adeno-reads100.fasta.000000027/L	0	100	F	gi|9632547|ref|NC_002077.1|	2176	2276	99	25	-3	230
adeno-reads100.fasta.000000027/R	0	100	R	gi|9632547|ref|NC_002077.1|	2306	2406	98	25	-3	-230
adeno-reads100.fasta.000000082/L	0	100	F	gi|9632547|ref|NC_002077.1|	1397	1497	100	20	-1	261
adeno-reads100.fasta.000000082/R	0	100	R	gi|9632547|ref|NC_002077.1|	1558	1658	99	20	-1	-261
adeno-reads100.fasta.000000113/L	0	100	F	gi|9632547|ref|NC_002077.1|	2819	2919	99	32	-5	268
adeno-reads100.fasta.000000113/L	0	100	F	gi|9632547|ref|NC_002077.1|	2819	2919	99	34	-5	268
adeno-reads100.fasta.000000113/R	0	100	R	gi|9632547|ref|NC_002077.1|	2991	3087	96	32	-5	-268
adeno-reads100.fasta.000000113/R	0	100	R	gi|9632547|ref|NC_002077.1|	2991	3087	96	34	-5	-268
adeno-reads100.fasta.000000119/L	0	100	R	gi|9632547|ref|NC_002077.1|	3446	3546	100	65	0	-249
adeno-reads100.fasta.000000119/R	0	100	F	gi|9632547|ref|NC_002077.1|	3297	3397	100	65	0	249
adeno-reads100.fasta.000000120/L	0	100	F	gi|9632547|ref|NC_002077.1|	2479	2579	99	28	-2	265
adeno-reads100.fasta.000000120/R	0	100	R	gi|9632547|ref|NC_002077.1|	2644	2744	99	28	-2	-265
adeno-reads100.fasta.000000137/L	0	100	R	gi|9632547|ref|NC_002077.1|	4093	4193	100	61	-4	-269
adeno-reads100.fasta.000000137/R	0	100	F	gi|9632547|ref|NC_002077.1|	3924	4023	96	61	-4	269
adeno-reads100.fasta.000000139/L	0	100	F	gi|9632547|ref|NC_002077.1|	1908	2008	99	23	-3	264
adeno-reads100.fasta.000000139/R	0	100	R	gi|9632547|ref|NC_002077.1|	2072	2172	98	23	-3	-264
adeno-reads100.fasta.000000190/L	0	100	F	gi|9632547|ref|NC_002077.1|	2648	2748	98	29	-3	266
adeno-reads100.fasta.000000190/R	0	100	R	gi|9632547|ref|NC_002077.1|	2814	2914	99	29	-3	-266
adeno-reads100.fasta.000000197/L	0	100	F	gi|9632547|ref|NC_002077.1|	2327	2427	98	27	-2	270
adeno-reads100.fasta.000000197/R	0	100	R	gi|9632547|ref|NC_002077.1|	2497	2597	100	27	-2	-270
adeno-reads100.fasta.000000203/L	0	100	F	gi|9632547|ref|NC_002077.1|	3414	3514	99	39	-2	263
adeno-reads100.fasta.000000203/R	0	100	R	gi|9632547|ref|NC_002077.1|	3577	3677	99	39	-2	-263
adeno-reads100.fasta.000000235/L	0	100	F	gi|9632547|ref|NC_002077.1|	1694	1793	99	21	-2	260
adeno-reads100.fasta.000000235/R	0	100	R	gi|9632547|ref|NC_002077.1|	1854	1954	99	21	-2	-260
adeno-reads100.fasta.000000260/L	0	100	R	gi|9632547|ref|NC_002077.1|	3438	3538	100	66	-1	-270
adeno-reads100.fasta.000000260/R	0	100	F	gi|9632547|ref|NC_002077.1|	3268	3368	99	66	-1	270
adeno-reads100.fasta.000000265/L	0	100	F	gi|9632547|ref|NC_002077.1|	3465	3565	100	42	0	269
adeno-reads100.fasta.000000265/R	0	100	R	gi|9632547|ref|NC_002077.1|	3634	3734	100	42	0	-269
adeno-reads100.fasta.000000291/L	0	100	R	gi|9632547|ref|NC_002077.1|	4113	4213	99	59	-2	-270
adeno-reads100.fasta.000000291/R	0	100	F	gi|9632547|ref|NC_002077.1|	3943	4044	99	59	-2	270
adeno-reads100.fasta.000000296/L	0	100	R	gi|9632547|ref|NC_002077.1|	4085	4185	99	60	-1	-260
adeno-reads100.fasta.000000296/R	0	100	F	gi|9632547|ref|NC_002077.1|	3925	4025	100	60	-1	260
adeno-reads100.fasta.000000297/L	0	100	R	gi|9632547|ref|NC_002077.1|	4310	4411	98	54	-3	-267
adeno-reads100.fasta.000000297/L	0	100	R	gi|9632547|ref|NC_002077.1|	4310	4411	98	55	-3	-267
adeno-reads100.fasta.000000297/R	0	100	F	gi|9632547|ref|NC_002077.1|	4144	4244	99	54	-3	267
adeno-reads100.fasta.000000297/R	0	100	F	gi|9632547|ref|NC_002077.1|	4144	4244	99	55	-3	267
adeno-reads100.fasta.000000319/L	0	100	F	gi|9632547|ref|NC_002077.1|	1151	1251	98	18	-5	260
adeno-reads100.fasta.000000319/R	0	100	R	gi|9632547|ref|NC_002077.1|	1308	1411	97	18	-5	-260
adeno-reads100.fasta.000000360/L	0	100	R	gi|9632547|ref|NC_002077.1|	1879	1980	99	83	-1	-268
adeno-reads100.fasta.000000360/L	0	100	R	gi|9632547|ref|NC_002077.1|	1879	1980	99	84	-1	-268
adeno-reads100.fasta.000000360/R	0	100	F	gi|9632547|ref|NC_002077.1|	1712	1812	100	83	-1	268
adeno-reads100.fasta.000000360/R	0	100	F	gi|9632547|ref|NC_002077.1|	1712	1812	100	84	-1	268
adeno-reads100.fasta.000000362/L	0	100	F	gi|9632547|ref|NC_002077.1|	658	758	100	7	-1	269
adeno-reads100.fasta.000000362/L	0	100	F	gi|9632547|ref|NC_002077.1|	658	758	100	8	-1	269
adeno-reads100.fasta.000000362/R	0	100	R	gi|9632547|ref|NC_002077.1|	827	927	99	7	-1	-269
adeno-reads100.fasta.000000362/R	0	100	R	gi|9632547|ref|NC_002077.1|	827	927	99	8	-1	-269
adeno-reads100.fasta.000000367/L	0	100	F	gi|9632547|ref|NC_002077.1|	4063	4163	98	47	-3	260
adeno-reads100.fasta.000000367/R	0	100	R	gi|9632547|ref|NC_002077.1|	4223	4323	99	47	-3	-260
adeno-reads100.fasta.000000388/L	0	100	F	gi|9632547|ref|NC_002077.1|	688	789	98	9	-3	264
adeno-reads100.fasta.000000388/R	0	100	R	gi|9632547|ref|NC_002077.1|	852	952	99	9	-3	-264
adeno-reads100.fasta.000000390/L	0	100	F	gi|9632547|ref|NC_002077.1|	2120	2220	99	24	-2	255
adeno-reads100.fasta.000000390/R	0	100	R	gi|9632547|ref|NC_002077.1|	2275	2375	99	24	-2	-255
adeno-reads100.fasta.000000404/L	0	100	R	gi|9632547|ref|NC_002077.1|	1569	1669	99	87	-1	-268
adeno-reads100.fasta.000000404/R	0	100	F	gi|9632547|ref|NC_002077.1|	1401	1501	100	87	-1	268
adeno-reads100.fasta.000000411/L	0	100	F	gi|9632547|ref|NC_002077.1|	2865	2965	98	36	-2	262
adeno-reads100.fasta.000000411/R	0	100	R	gi|9632547|ref|NC_002077.1|	3027	3127	100	36	-2	-262
adeno-reads100.fasta.000000414/L	0	100	F	gi|9632547|ref|NC_002077.1|	765	865	98	11	-2	268
adeno-reads100.fasta.000000414/R	0	100	R	gi|9632547|ref|NC_002077.1|	933	1033	100	11	-2	-268
adeno-reads100.fasta.000000443/L	0	100	F	gi|9632547|ref|NC_002077.1|	1714	1814	98	22	-2	261
adeno-reads100.fasta.000000443/R	0	100	R	gi|9632547|ref|NC_002077.1|	1875	1975	100	22	-2	-261
adeno-reads100.fasta.000000464/L	0	100	F	gi|9632547|ref|NC_002077.1|	4095	4195	100	48	-1	266
adeno-reads100.fasta.000000464/R	0	100	R	gi|9632547|ref|NC_002077.1|	4261	4361	99	48	-1	-266
adeno-reads100.fasta.000000465/L	0	100	R	gi|9632547|ref|NC_002077.1|	1724	1824	100	86	-3	-265
adeno-reads100.fasta.000000465/R	0	100	F	gi|9632547|ref|NC_002077.1|	1559	1658	97	86	-3	265
adeno-reads100.fasta.000000467/L	0	100	F	gi|9632547|ref|NC_002077.1|	2866	2966	100	35	-4	242
adeno-reads100.fasta.000000467/R	0	100	R	gi|9632547|ref|NC_002077.1|	3012	3108	96	35	-4	-242
adeno-reads100.fasta.000000499/L	0	100	F	gi|9632547|ref|NC_002077.1|	446	546	100	3	-1	266
adeno-reads100.fasta.000000499/R	0	100	R	gi|9632547|ref|NC_002077.1|	612	712	99	3	-1	-266
adeno-reads100.fasta.000000503/L	0	100	R	gi|9632547|ref|NC_002077.1|	2298	2398	99	75	-2	-270
adeno-reads100.fasta.000000503/L	0	100	R	gi|9632547|ref|NC_002077.1|	2298	2398	99	76	-2	-270
adeno-reads100.fasta.000000503/R	0	100	F	gi|9632547|ref|NC_002077.1|	2128	2228	99	75	-2	270
adeno-reads100.fasta.000000503/R	0	100	F	gi|9632547|ref|NC_002077.1|	2128	2228	99	76	-2	270
adeno-reads100.fasta.000000507/L	0	100	R	gi|9632547|ref|NC_002077.1|	2895	2995	100	71	0	-268
adeno-reads100.fasta.000000507/R	0	100	F	gi|9632547|ref|NC_002077.1|	2727	2827	100	71	0	268
adeno-reads100.fasta.000000516/L	0	100	F	gi|9632547|ref|NC_002077.1|	709	809	100	10	0	264
adeno-reads100.fasta.000000516/R	0	100	R	gi|9632547|ref|NC_002077.1|	873	973	100	10	0	-264
adeno-reads100.fasta.000000535/L	0	100	R	gi|9632547|ref|NC_002077.1|	1563	1663	99	88	-1	-263
adeno-reads100.fasta.000000535/R	0	100	F	gi|9632547|ref|NC_002077.1|	1400	1500	100	88	-1	263
adeno-reads100.fasta.000000555/L	0	100	F	gi|9632547|ref|NC_002077.1|	1019	1119	100	16	-2	262
adeno-reads100.fasta.000000555/L	0	100	F	gi|9632547|ref|NC_002077.1|	1019	1119	100	17	-2	262
adeno-reads100.fasta.000000555/R	0	100	R	gi|9632547|ref|NC_002077.1|	1181	1281	98	16	-2	-262
adeno-reads100.fasta.000000555/R	0	100	R	gi|9632547|ref|NC_002077.1|	1181	1281	98	17	-2	-262
adeno-reads100.fasta.000000566/L	0	100	R	gi|9632547|ref|NC_002077.1|	1109	1209	100	89	-1	-260
adeno-reads100.fasta.000000566/R	0	100	F	gi|9632547|ref|NC_002077.1|	949	1050	99	89	-1	260
adeno-reads100.fasta.000000568/L	0	100	R	gi|9632547|ref|NC_002077.1|	2375	2475	98	74	-3	-262
adeno-reads100.fasta.000000568/R	0	100	F	gi|9632547|ref|NC_002077.1|	2213	2312	99	74	-3	262
adeno-reads100.fasta.000000586/L	0	100	R	gi|9632547|ref|NC_002077.1|	4277	4377	99	56	-2	-269
adeno-reads100.fasta.000000586/R	0	100	F	gi|9632547|ref|NC_002077.1|	4108	4208	99	56	-2	269
adeno-reads100.fasta.000000592/L	0	100	F	gi|9632547|ref|NC_002077.1|	300	400	99	2	-2	247
adeno-reads100.fasta.000000592/R	0	100	R	gi|9632547|ref|NC_002077.1|	448	547	99	2	-2	-247
adeno-reads100.fasta.000000598/L	0	100	F	gi|9632547|ref|NC_002077.1|	260	360	100	1	-2	263
adeno-reads100.fasta.000000598/R	0	100	R	gi|9632547|ref|NC_002077.1|	424	523	98	1	-2	-263
adeno-reads100.fasta.000000616/L	0	100	R	gi|9632547|ref|NC_002077.1|	2215	2316	98	77	-4	-267
adeno-reads100.fasta.000000616/L	0	100	R	gi|9632547|ref|NC_002077.1|	2215	2316	98	78	-4	-267
adeno-reads100.fasta.000000616/R	0	100	F	gi|9632547|ref|NC_002077.1|	2049	2148	98	77	-4	267
adeno-reads100.fasta.000000616/R	0	100	F	gi|9632547|ref|NC_002077.1|	2049	2148	98	78	-4	267
adeno-reads100.fasta.000000633/L	0	100	F	gi|9632547|ref|NC_002077.1|	3100	3200	100	37	0	257
adeno-reads100.fasta.000000633/R	0	100	R	gi|9632547|ref|NC_002077.1|	3257	3357	100	37	0	-257
adeno-reads100.fasta.000000644/L	0	100	F	gi|9632547|ref|NC_002077.1|	1164	1264	100	19	-4	256
adeno-reads100.fasta.000000644/R	0	100	R	gi|9632547|ref|NC_002077.1|	1317	1420	96	19	-4	-256
adeno-reads100.fasta.000000653/L	0	100	F	gi|9632547|ref|NC_002077.1|	4219	4319	99	50	-2	265
adeno-reads100.fasta.000000653/R	0	100	R	gi|9632547|ref|NC_002077.1|	4383	4484	99	50	-2	-265
adeno-reads100.fasta.000000658/L	0	100	F	gi|9632547|ref|NC_002077.1|	2757	2857	99	30	-3	264
adeno-reads100.fasta.000000658/L	0	100	F	gi|9632547|ref|NC_002077.1|	2757	2857	99	31	-3	264
adeno-reads100.fasta.000000658/R	0	100	R	gi|9632547|ref|NC_002077.1|	2922	3021	98	30	-3	-264
adeno-reads100.fasta.000000658/R	0	100	R	gi|9632547|ref|NC_002077.1|	2922	3021	98	31	-3	-264
adeno-reads100.fasta.000000659/L	0	100	F	gi|9632547|ref|NC_002077.1|	638	738	100	6	0	262
adeno-reads100.fasta.000000659/R	0	100	R	gi|9632547|ref|NC_002077.1|	800	900	100	6	0	-262
adeno-reads100.fasta.000000670/L	0	100	F	gi|9632547|ref|NC_002077.1|	569	669	99	4	-2	264
adeno-reads100.fasta.000000670/L	0	100	F	gi|9632547|ref|NC_002077.1|	569	669	99	5	-2	264
adeno-reads100.fasta.000000670/R	0	100	R	gi|9632547|ref|NC_002077.1|	733	833	99	4	-2	-264
adeno-reads100.fasta.000000670/R	0	100	R	gi|9632547|ref|NC_002077.1|	733	833	99	5	-2	-264
adeno-reads100.fasta.000000675/L	0	100	R	gi|9632547|ref|NC_002077.1|	4457	4557	100	53	0	-268
adeno-reads100.fasta.000000675/R	0	100	F	gi|9632547|ref|NC_002077.1|	4289	4389	100	53	0	268
adeno-reads100.fasta.000000683/L	0	100	R	gi|9632547|ref|NC_002077.1|	2090	2190	99	79	-2	-254
adeno-reads100.fasta.000000683/L	0	100	R	gi|9632547|ref|NC_002077.1|	2090	2190	99	80	-2	-254
adeno-reads100.fasta.000000683/R	0	100	F	gi|9632547|ref|NC_002077.1|	1936	2036	99	79	-2	254
adeno-reads100.fasta.000000683/R	0	100	F	gi|9632547|ref|NC_002077.1|	1936	2036	99	80	-2	254
adeno-reads100.fasta.000000686/L	0	100	R	gi|9632547|ref|NC_002077.1|	303	403	99	91	-2	-269
adeno-reads100.fasta.000000686/R	0	100	F	gi|9632547|ref|NC_002077.1|	134	234	99	91	-2	269
adeno-reads100.fasta.000000693/L	0	100	F	gi|9632547|ref|NC_002077.1|	3479	3580	97	41	-3	254
adeno-reads100.fasta.000000693/R	0	100	R	gi|9632547|ref|NC_002077.1|	3633	3733	100	41	-3	-254
adeno-reads100.fasta.000000696/L	0	100	R	gi|9632547|ref|NC_002077.1|	4266	4366	97	57	-3	-270
adeno-reads100.fasta.000000696/L	0	100	R	gi|9632547|ref|NC_002077.1|	4266	4366	97	58	-3	-270
adeno-reads100.fasta.000000696/R	0	100	F	gi|9632547|ref|NC_002077.1|	4096	4196	100	57	-3	270
adeno-reads100.fasta.000000696/R	0	100	F	gi|9632547|ref|NC_002077.1|	4096	4196	100	58	-3	270
adeno-reads100.fasta.000000708/L	0	100	F	gi|9632547|ref|NC_002077.1|	2208	2308	100	26	-2	268
adeno-reads100.fasta.000000708/R	0	100	R	gi|9632547|ref|NC_002077.1|	2376	2476	98	26	-2	-268
adeno-reads100.fasta.000000735/L	0	100	F	gi|9632547|ref|NC_002077.1|	3424	3524	100	40	-1	260
adeno-reads100.fasta.000000735/R	0	100	R	gi|9632547|ref|NC_002077.1|	3584	3684	99	40	-1	-260
adeno-reads100.fasta.000000749/L	0	100	R	gi|9632547|ref|NC_002077.1|	844	944	100	90	-1	-263
adeno-reads100.fasta.000000749/R	0	100	F	gi|9632547|ref|NC_002077.1|	681	781	99	90	-1	263
adeno-reads100.fasta.000000751/L	0	100	R	gi|9632547|ref|NC_002077.1|	1889	1989	100	82	0	-268
adeno-reads100.fasta.000000751/R	0	100	F	gi|9632547|ref|NC_002077.1|	1721	1821	100	82	0	268
adeno-reads100.fasta.000000753/L	0	100	R	gi|9632547|ref|NC_002077.1|	2730	2830	100	72	-1	-267
adeno-reads100.fasta.000000753/R	0	100	F	gi|9632547|ref|NC_002077.1|	2563	2664	99	72	-1	267
adeno-reads100.fasta.000000763/L	0	100	F	gi|9632547|ref|NC_002077.1|	898	998	100	12	-1	265
adeno-reads100.fasta.000000763/R	0	100	R	gi|9632547|ref|NC_002077.1|	1063	1163	99	12	-1	-265
adeno-reads100.fasta.000000771/L	0	100	F	gi|9632547|ref|NC_002077.1|	934	1034	100	13	0	267
adeno-reads100.fasta.000000771/L	0	100	F	gi|9632547|ref|NC_002077.1|	934	1034	100	14	0	267
adeno-reads100.fasta.000000771/R	0	100	R	gi|9632547|ref|NC_002077.1|	1101	1201	100	13	0	-267
adeno-reads100.fasta.000000771/R	0	100	R	gi|9632547|ref|NC_002077.1|	1101	1201	100	14	0	-267
adeno-reads100.fasta.000000783/L	0	100	R	gi|9632547|ref|NC_002077.1|	1777	1877	99	85	-2	-257
adeno-reads100.fasta.000000783/R	0	100	F	gi|9632547|ref|NC_002077.1|	1620	1720	99	85	-2	257
adeno-reads100.fasta.000000804/L	0	100	R	gi|9632547|ref|NC_002077.1|	3773	3873	100	62	0	-263
adeno-reads100.fasta.000000804/R	0	100	F	gi|9632547|ref|NC_002077.1|	3610	3710	100	62	0	263
adeno-reads100.fasta.000000817/L	0	100	F	gi|9632547|ref|NC_002077.1|	3600	3700	97	43	-4	264
adeno-reads100.fasta.000000817/R	0	100	R	gi|9632547|ref|NC_002077.1|	3764	3864	99	43	-4	-264
adeno-reads100.fasta.000000823/L	0	100	F	gi|9632547|ref|NC_002077.1|	3692	3792	99	46	-2	255
adeno-reads100.fasta.000000823/R	0	100	R	gi|9632547|ref|NC_002077.1|	3847	3947	99	46	-2	-255
adeno-reads100.fasta.000000863/L	0	100	R	gi|9632547|ref|NC_002077.1|	2009	2110	99	81	-1	-250
adeno-reads100.fasta.000000863/R	0	100	F	gi|9632547|ref|NC_002077.1|	1860	1960	100	81	-1	250
adeno-reads100.fasta.000000882/L	0	100	R	gi|9632547|ref|NC_002077.1|	3216	3316	99	69	-1	-260
adeno-reads100.fasta.000000882/L	0	100	R	gi|9632547|ref|NC_002077.1|	3216	3316	99	70	-1	-260
adeno-reads100.fasta.000000882/R	0	100	F	gi|9632547|ref|NC_002077.1|	3056	3156	100	69	-1	260
adeno-reads100.fasta.000000882/R	0	100	F	gi|9632547|ref|NC_002077.1|	3056	3156	100	70	-1	260
adeno-reads100.fasta.000000889/L	0	100	F	gi|9632547|ref|NC_002077.1|	3128	3228	100	38	-1	255
adeno-reads100.fasta.000000889/R	0	100	R	gi|9632547|ref|NC_002077.1|	3282	3383	99	38	-1	-255
adeno-reads100.fasta.000000902/L	0	100	F	gi|9632547|ref|NC_002077.1|	971	1071	100	15	0	257
adeno-reads100.fasta.000000902/R	0	100	R	gi|9632547|ref|NC_002077.1|	1128	1228	100	15	0	-257
adeno-reads100.fasta.000000906/L	0	100	R	gi|9632547|ref|NC_002077.1|	3392	3492	100	67	-2	-260
adeno-reads100.fasta.000000906/L	0	100	R	gi|9632547|ref|NC_002077.1|	3392	3492	100	68	-2	-260
adeno-reads100.fasta.000000906/R	0	100	F	gi|9632547|ref|NC_002077.1|	3232	3332	98	67	-2	260
adeno-reads100.fasta.000000906/R	0	100	F	gi|9632547|ref|NC_002077.1|	3232	3332	98	68	-2	260
adeno-reads100.fasta.000000950/L	0	100	R	gi|9632547|ref|NC_002077.1|	3686	3786	100	63	0	-268
adeno-reads100.fasta.000000950/L	0	100	R	gi|9632547|ref|NC_002077.1|	3686	3786	100	64	0	-268
adeno-reads100.fasta.000000950/R	0	100	F	gi|9632547|ref|NC_002077.1|	3518	3618	100	63	0	268
adeno-reads100.fasta.000000950/R	0	100	F	gi|9632547|ref|NC_002077.1|	3518	3618	100	64	0	268
adeno-reads100.fasta.000000974/L	0	100	R	gi|9632547|ref|NC_002077.1|	2559	2659	100	73	-1	-268
adeno-reads100.fasta.000000974/R	0	100	F	gi|9632547|ref|NC_002077.1|	2391	2491	99	73	-1	268
adeno-reads100.fasta.000000992/L	0	100	F	gi|9632547|ref|NC_002077.1|	4391	4491	100	51	0	269
adeno-reads100.fasta.000000992/R	0	100	R	gi|9632547|ref|NC_002077.1|	4560	4660	100	51	0	-269
adeno-reads100.fasta.000000994/L	0	100	F	gi|9632547|ref|NC_002077.1|	3653	3753	98	44	-3	266
adeno-reads100.fasta.000000994/L	0	100	F	gi|9632547|ref|NC_002077.1|	3653	3753	98	45	-3	266
adeno-reads100.fasta.000000994/R	0	100	R	gi|9632547|ref|NC_002077.1|	3819	3919	99	44	-3	-266
adeno-reads100.fasta.000000994/R	0	100	R	gi|9632547|ref|NC_002077.1|	3819	3919	99	45	-3	-266
