adeno-reads100.fasta.000000007/L	0	100	F	gi|9632547|ref|NC_002077.1|	2827	2928	98	43	-6	265
adeno-reads100.fasta.000000007/R	0	100	R	gi|9632547|ref|NC_002077.1|	2996	3092	96	43	-6	-265
adeno-reads100.fasta.000000008/L	0	100	F	gi|9632547|ref|NC_002077.1|	4188	4289	98	64	-2	268
adeno-reads100.fasta.000000008/R	0	100	R	gi|9632547|ref|NC_002077.1|	4356	4456	100	64	-2	-268
adeno-reads100.fasta.000000027/L	0	100	F	gi|9632547|ref|NC_002077.1|	2176	2276	99	31	-3	230
adeno-reads100.fasta.000000027/R	0	100	R	gi|9632547|ref|NC_002077.1|	2306	2406	98	31	-3	-230
adeno-reads100.fasta.000000077/L	0	100	F	gi|9632547|ref|NC_002077.1|	2804	2903	99	41	-6	264
adeno-reads100.fasta.000000077/L	0	100	F	gi|9632547|ref|NC_002077.1|	2804	2903	99	44	-6	264
adeno-reads100.fasta.000000077/R	0	100	R	gi|9632547|ref|NC_002077.1|	2973	3068	95	41	-6	-264
adeno-reads100.fasta.000000077/R	0	100	R	gi|9632547|ref|NC_002077.1|	2973	3068	95	44	-6	-264
adeno-reads100.fasta.000000082/L	0	100	F	gi|9632547|ref|NC_002077.1|	1397	1497	100	24	-1	261
adeno-reads100.fasta.000000082/L	0	100	F	gi|9632547|ref|NC_002077.1|	1397	1497	100	25	-1	261
adeno-reads100.fasta.000000082/R	0	100	R	gi|9632547|ref|NC_002077.1|	1558	1658	99	24	-1	-261
adeno-reads100.fasta.000000082/R	0	100	R	gi|9632547|ref|NC_002077.1|	1558	1658	99	25	-1	-261
adeno-reads100.fasta.000000113/L	0	100	F	gi|9632547|ref|NC_002077.1|	2819	2919	99	42	-5	268
adeno-reads100.fasta.000000113/L	0	100	F	gi|9632547|ref|NC_002077.1|	2819	2919	99	45	-5	268
adeno-reads100.fasta.000000113/R	0	100	R	gi|9632547|ref|NC_002077.1|	2991	3087	96	42	-5	-268
adeno-reads100.fasta.000000113/R	0	100	R	gi|9632547|ref|NC_002077.1|	2991	3087	96	45	-5	-268
adeno-reads100.fasta.000000120/L	0	100	F	gi|9632547|ref|NC_002077.1|	2479	2579	99	35	-2	265
adeno-reads100.fasta.000000120/R	0	100	R	gi|9632547|ref|NC_002077.1|	2644	2744	99	35	-2	-265
adeno-reads100.fasta.000000139/L	0	100	F	gi|9632547|ref|NC_002077.1|	1908	2008	99	28	-3	264
adeno-reads100.fasta.000000139/L	0	100	F	gi|9632547|ref|NC_002077.1|	1908	2008	99	29	-3	264
adeno-reads100.fasta.000000139/R	0	100	R	gi|9632547|ref|NC_002077.1|	2072	2172	98	28	-3	-264
adeno-reads100.fasta.000000139/R	0	100	R	gi|9632547|ref|NC_002077.1|	2072	2172	98	29	-3	-264
adeno-reads100.fasta.000000190/L	0	100	F	gi|9632547|ref|NC_002077.1|	2648	2748	98	36	-3	266
adeno-reads100.fasta.000000190/R	0	100	R	gi|9632547|ref|NC_002077.1|	2814	2914	99	36	-3	-266
adeno-reads100.fasta.000000197/L	0	100	F	gi|9632547|ref|NC_002077.1|	2327	2427	98	34	-2	270
adeno-reads100.fasta.000000197/R	0	100	R	gi|9632547|ref|NC_002077.1|	2497	2597	100	34	-2	-270
adeno-reads100.fasta.000000203/L	0	100	F	gi|9632547|ref|NC_002077.1|	3414	3514	99	51	-2	263
adeno-reads100.fasta.000000203/L	0	100	F	gi|9632547|ref|NC_002077.1|	3414	3514	99	52	-2	263
adeno-reads100.fasta.000000203/R	0	100	R	gi|9632547|ref|NC_002077.1|	3577	3677	99	51	-2	-263
adeno-reads100.fasta.000000203/R	0	100	R	gi|9632547|ref|NC_002077.1|	3577	3677	99	52	-2	-263
adeno-reads100.fasta.000000235/L	0	100	F	gi|9632547|ref|NC_002077.1|	1694	1793	99	26	-2	260
adeno-reads100.fasta.000000235/R	0	100	R	gi|9632547|ref|NC_002077.1|	1854	1954	99	26	-2	-260
adeno-reads100.fasta.000000265/L	0	100	F	gi|9632547|ref|NC_002077.1|	3465	3565	100	55	0	269
adeno-reads100.fasta.000000265/R	0	100	R	gi|9632547|ref|NC_002077.1|	3634	3734	100	55	0	-269
adeno-reads100.fasta.000000319/L	0	100	F	gi|9632547|ref|NC_002077.1|	1151	1251	98	20	-5	260
adeno-reads100.fasta.000000319/L	0	100	F	gi|9632547|ref|NC_002077.1|	1151	1251	98	21	-8	257
adeno-reads100.fasta.000000319/R	0	100	R	gi|9632547|ref|NC_002077.1|	1308	1411	97	20	-5	-260
adeno-reads100.fasta.000000319/R	0	100	R	gi|9632547|ref|NC_002077.1|	1308	1408	94	21	-8	-257
adeno-reads100.fasta.000000362/L	0	100	F	gi|9632547|ref|NC_002077.1|	658	758	100	7	-1	269
adeno-reads100.fasta.000000362/L	0	100	F	gi|9632547|ref|NC_002077.1|	658	758	100	8	-1	269
adeno-reads100.fasta.000000362/R	0	100	R	gi|9632547|ref|NC_002077.1|	827	927	99	7	-1	-269
adeno-reads100.fasta.000000362/R	0	100	R	gi|9632547|ref|NC_002077.1|	827	927	99	8	-1	-269
adeno-reads100.fasta.000000367/L	0	100	F	gi|9632547|ref|NC_002077.1|	4063	4163	98	61	-3	260
adeno-reads100.fasta.000000367/R	0	100	R	gi|9632547|ref|NC_002077.1|	4223	4323	99	61	-3	-260
adeno-reads100.fasta.000000388/L	0	100	F	gi|9632547|ref|NC_002077.1|	688	789	98	9	-3	264
adeno-reads100.fasta.000000388/R	0	100	R	gi|9632547|ref|NC_002077.1|	852	952	99	9	-3	-264
adeno-reads100.fasta.000000390/L	0	100	F	gi|9632547|ref|NC_002077.1|	2120	2220	99	30	-2	255
adeno-reads100.fasta.000000390/R	0	100	R	gi|9632547|ref|NC_002077.1|	2275	2375	99	30	-2	-255
adeno-reads100.fasta.000000411/L	0	100	F	gi|9632547|ref|NC_002077.1|	2865	2965	98	47	-2	262
adeno-reads100.fasta.000000411/R	0	100	R	gi|9632547|ref|NC_002077.1|	3027	3127	100	47	-2	-262
adeno-reads100.fasta.000000414/L	0	100	F	gi|9632547|ref|NC_002077.1|	765	865	98	12	-2	268
adeno-reads100.fasta.000000414/L	0	100	F	gi|9632547|ref|NC_002077.1|	765	865	98	13	-2	268
adeno-reads100.fasta.000000414/R	0	100	R	gi|9632547|ref|NC_002077.1|	933	1033	100	12	-2	-268
adeno-reads100.fasta.000000414/R	0	100	R	gi|9632547|ref|NC_002077.1|	933	1033	100	13	-2	-268
adeno-reads100.fasta.000000443/L	0	100	F	gi|9632547|ref|NC_002077.1|	1714	1814	98	27	-2	261
adeno-reads100.fasta.000000443/R	0	100	R	gi|9632547|ref|NC_002077.1|	1875	1975	100	27	-2	-261
adeno-reads100.fasta.000000464/L	0	100	F	gi|9632547|ref|NC_002077.1|	4095	4195	100	62	-1	266
adeno-reads100.fasta.000000464/L	0	100	F	gi|9632547|ref|NC_002077.1|	4095	4195	100	63	-1	266
adeno-reads100.fasta.000000464/R	0	100	R	gi|9632547|ref|NC_002077.1|	4261	4361	99	62	-1	-266
adeno-reads100.fasta.000000464/R	0	100	R	gi|9632547|ref|NC_002077.1|	4261	4361	99	63	-1	-266
adeno-reads100.fasta.000000467/L	0	100	F	gi|9632547|ref|NC_002077.1|	2866	2966	100	46	-4	242
adeno-reads100.fasta.000000467/R	0	100	R	gi|9632547|ref|NC_002077.1|	3012	3108	96	46	-4	-242
adeno-reads100.fasta.000000499/L	0	100	F	gi|9632547|ref|NC_002077.1|	446	546	100	4	-1	266
adeno-reads100.fasta.000000499/R	0	100	R	gi|9632547|ref|NC_002077.1|	612	712	99	4	-1	-266
adeno-reads100.fasta.000000516/L	0	100	F	gi|9632547|ref|NC_002077.1|	709	809	100	10	0	264
adeno-reads100.fasta.000000516/L	0	100	F	gi|9632547|ref|NC_002077.1|	709	809	100	11	0	264
adeno-reads100.fasta.000000516/R	0	100	R	gi|9632547|ref|NC_002077.1|	873	973	100	10	0	-264
adeno-reads100.fasta.000000516/R	0	100	R	gi|9632547|ref|NC_002077.1|	873	973	100	11	0	-264
adeno-reads100.fasta.000000555/L	0	100	F	gi|9632547|ref|NC_002077.1|	1019	1119	100	19	-2	262
adeno-reads100.fasta.000000555/R	0	100	R	gi|9632547|ref|NC_002077.1|	1181	1281	98	19	-2	-262
adeno-reads100.fasta.000000592/L	0	100	F	gi|9632547|ref|NC_002077.1|	300	400	99	3	-2	247
adeno-reads100.fasta.000000592/R	0	100	R	gi|9632547|ref|NC_002077.1|	448	547	99	3	-2	-247
adeno-reads100.fasta.000000598/L	0	100	F	gi|9632547|ref|NC_002077.1|	260	360	100	1	-2	263
adeno-reads100.fasta.000000598/L	0	100	F	gi|9632547|ref|NC_002077.1|	260	360	100	2	-2	263
adeno-reads100.fasta.000000598/R	0	100	R	gi|9632547|ref|NC_002077.1|	424	523	98	1	-2	-263
adeno-reads100.fasta.000000598/R	0	100	R	gi|9632547|ref|NC_002077.1|	424	523	98	2	-2	-263
adeno-reads100.fasta.000000633/L	0	100	F	gi|9632547|ref|NC_002077.1|	3100	3200	100	48	0	257
adeno-reads100.fasta.000000633/L	0	100	F	gi|9632547|ref|NC_002077.1|	3100	3200	100	49	0	257
adeno-reads100.fasta.000000633/R	0	100	R	gi|9632547|ref|NC_002077.1|	3257	3357	100	48	0	-257
adeno-reads100.fasta.000000633/R	0	100	R	gi|9632547|ref|NC_002077.1|	3257	3357	100	49	0	-257
adeno-reads100.fasta.000000644/L	0	100	F	gi|9632547|ref|NC_002077.1|	1164	1264	100	22	-4	256
adeno-reads100.fasta.000000644/L	0	100	F	gi|9632547|ref|NC_002077.1|	1164	1264	100	23	-4	256
adeno-reads100.fasta.000000644/R	0	100	R	gi|9632547|ref|NC_002077.1|	1317	1420	96	22	-4	-256
adeno-reads100.fasta.000000644/R	0	100	R	gi|9632547|ref|NC_002077.1|	1317	1420	96	23	-4	-256
adeno-reads100.fasta.000000653/L	0	100	F	gi|9632547|ref|NC_002077.1|	4219	4319	99	65	-2	265
adeno-reads100.fasta.000000653/R	0	100	R	gi|9632547|ref|NC_002077.1|	4383	4484	99	65	-2	-265
adeno-reads100.fasta.000000658/L	0	100	F	gi|9632547|ref|NC_002077.1|	2757	2857	99	37	-3	264
adeno-reads100.fasta.000000658/L	0	100	F	gi|9632547|ref|NC_002077.1|	2757	2857	99	38	-3	264
adeno-reads100.fasta.000000658/R	0	100	R	gi|9632547|ref|NC_002077.1|	2922	3021	98	37	-3	-264
adeno-reads100.fasta.000000658/R	0	100	R	gi|9632547|ref|NC_002077.1|	2922	3021	98	38	-3	-264
adeno-reads100.fasta.000000659/L	0	100	F	gi|9632547|ref|NC_002077.1|	638	738	100	6	0	262
adeno-reads100.fasta.000000659/R	0	100	R	gi|9632547|ref|NC_002077.1|	800	900	100	6	0	-262
adeno-reads100.fasta.000000670/L	0	100	F	gi|9632547|ref|NC_002077.1|	569	669	99	5	-2	264
adeno-reads100.fasta.000000670/R	0	100	R	gi|9632547|ref|NC_002077.1|	733	833	99	5	-2	-264
adeno-reads100.fasta.000000693/L	0	100	F	gi|9632547|ref|NC_002077.1|	3479	3580	97	54	-3	254
adeno-reads100.fasta.000000693/R	0	100	R	gi|9632547|ref|NC_002077.1|	3633	3733	100	54	-3	-254
adeno-reads100.fasta.000000708/L	0	100	F	gi|9632547|ref|NC_002077.1|	2208	2308	100	32	-2	268
adeno-reads100.fasta.000000708/L	0	100	F	gi|9632547|ref|NC_002077.1|	2208	2308	100	33	-2	268
adeno-reads100.fasta.000000708/R	0	100	R	gi|9632547|ref|NC_002077.1|	2376	2476	98	32	-2	-268
adeno-reads100.fasta.000000708/R	0	100	R	gi|9632547|ref|NC_002077.1|	2376	2476	98	33	-2	-268
adeno-reads100.fasta.000000735/L	0	100	F	gi|9632547|ref|NC_002077.1|	3424	3524	100	53	-1	260
adeno-reads100.fasta.000000735/R	0	100	R	gi|9632547|ref|NC_002077.1|	3584	3684	99	53	-1	-260
adeno-reads100.fasta.000000739/L	0	100	F	gi|9632547|ref|NC_002077.1|	2797	2897	99	39	-7	269
adeno-reads100.fasta.000000739/L	0	100	F	gi|9632547|ref|NC_002077.1|	2797	2897	99	40	-7	269
adeno-reads100.fasta.000000739/R	0	100	R	gi|9632547|ref|NC_002077.1|	2971	3066	94	39	-7	-269
adeno-reads100.fasta.000000739/R	0	100	R	gi|9632547|ref|NC_002077.1|	2971	3066	94	40	-7	-269
adeno-reads100.fasta.000000763/L	0	100	F	gi|9632547|ref|NC_002077.1|	898	998	100	14	-1	265
adeno-reads100.fasta.000000763/L	0	100	F	gi|9632547|ref|NC_002077.1|	898	998	100	15	-1	265
adeno-reads100.fasta.000000763/R	0	100	R	gi|9632547|ref|NC_002077.1|	1063	1163	99	14	-1	-265
adeno-reads100.fasta.000000763/R	0	100	R	gi|9632547|ref|NC_002077.1|	1063	1163	99	15	-1	-265
adeno-reads100.fasta.000000771/L	0	100	F	gi|9632547|ref|NC_002077.1|	934	1034	100	16	0	267
adeno-reads100.fasta.000000771/R	0	100	R	gi|9632547|ref|NC_002077.1|	1101	1201	100	16	0	-267
adeno-reads100.fasta.000000817/L	0	100	F	gi|9632547|ref|NC_002077.1|	3600	3700	97	56	-4	264
adeno-reads100.fasta.000000817/R	0	100	R	gi|9632547|ref|NC_002077.1|	3764	3864	99	56	-4	-264
adeno-reads100.fasta.000000823/L	0	100	F	gi|9632547|ref|NC_002077.1|	3692	3792	99	59	-2	255
adeno-reads100.fasta.000000823/L	0	100	F	gi|9632547|ref|NC_002077.1|	3692	3792	99	60	-2	255
adeno-reads100.fasta.000000823/R	0	100	R	gi|9632547|ref|NC_002077.1|	3847	3947	99	59	-2	-255
adeno-reads100.fasta.000000823/R	0	100	R	gi|9632547|ref|NC_002077.1|	3847	3947	99	60	-2	-255
adeno-reads100.fasta.000000889/L	0	100	F	gi|9632547|ref|NC_002077.1|	3128	3228	100	50	-1	255
adeno-reads100.fasta.000000889/R	0	100	R	gi|9632547|ref|NC_002077.1|	3282	3383	99	50	-1	-255
adeno-reads100.fasta.000000902/L	0	100	F	gi|9632547|ref|NC_002077.1|	971	1071	100	17	0	257
adeno-reads100.fasta.000000902/L	0	100	F	gi|9632547|ref|NC_002077.1|	971	1071	100	18	0	257
adeno-reads100.fasta.000000902/R	0	100	R	gi|9632547|ref|NC_002077.1|	1128	1228	100	17	0	-257
adeno-reads100.fasta.000000902/R	0	100	R	gi|9632547|ref|NC_002077.1|	1128	1228	100	18	0	-257
adeno-reads100.fasta.000000992/L	0	100	F	gi|9632547|ref|NC_002077.1|	4391	4491	100	66	0	269
adeno-reads100.fasta.000000992/R	0	100	R	gi|9632547|ref|NC_002077.1|	4560	4660	100	66	0	-269
adeno-reads100.fasta.000000994/L	0	100	F	gi|9632547|ref|NC_002077.1|	3653	3753	98	57	-3	266
adeno-reads100.fasta.000000994/L	0	100	F	gi|9632547|ref|NC_002077.1|	3653	3753	98	58	-3	266
adeno-reads100.fasta.000000994/R	0	100	R	gi|9632547|ref|NC_002077.1|	3819	3919	99	57	-3	-266
adeno-reads100.fasta.000000994/R	0	100	R	gi|9632547|ref|NC_002077.1|	3819	3919	99	58	-3	-266
